/Users/christianmullon/Desktop/RCANProject/Ocean/src/main/java/fr/cm/rcan/RCaNDialogGetParametersForRCommand.java
/Users/christianmullon/Desktop/RCANProject/Ocean/src/main/java/fr/cm/parameters/Units.java
/Users/christianmullon/Desktop/RCANProject/Ocean/src/main/java/fr/cm/rcan/RCaNDialogGetParametersForSampling.java
/Users/christianmullon/Desktop/RCANProject/Ocean/src/main/java/fr/cm/tables/ConstraintTable.java
/Users/christianmullon/Desktop/RCANProject/Ocean/src/main/java/fr/cm/xml/HelpXML.java
/Users/christianmullon/Desktop/RCANProject/Ocean/src/main/java/fr/cm/menus/MenuView.java
/Users/christianmullon/Desktop/RCANProject/Ocean/src/main/java/fr/cm/menus/FirstPage.java
/Users/christianmullon/Desktop/RCANProject/Ocean/src/main/java/fr/cm/canObjects/Constraint.java
/Users/christianmullon/Desktop/RCANProject/Ocean/src/main/java/fr/cm/xml/RCommandXML.java
/Users/christianmullon/Desktop/RCANProject/Ocean/src/main/java/fr/cm/canObjects/Project.java
/Users/christianmullon/Desktop/RCANProject/Ocean/src/main/java/fr/cm/canObjects/Observation.java
/Users/christianmullon/Desktop/RCANProject/Ocean/src/main/java/fr/cm/canObjects/Formula.java
/Users/christianmullon/Desktop/RCANProject/Ocean/src/main/java/fr/cm/tables/ComponentTable.java
/Users/christianmullon/Desktop/RCANProject/Ocean/src/main/java/fr/cm/network/ComponentClic.java
/Users/christianmullon/Desktop/RCANProject/Ocean/src/main/java/fr/cm/rcan/RCaNBoxesOutput.java
/Users/christianmullon/Desktop/RCANProject/Ocean/src/main/java/fr/cm/dialogs/ProjectCreateNew.java
/Users/christianmullon/Desktop/RCANProject/Ocean/src/main/java/fr/cm/parameters/Colors.java
/Users/christianmullon/Desktop/RCANProject/Ocean/src/main/java/fr/cm/menus/MenuRCaN.java
/Users/christianmullon/Desktop/RCANProject/Ocean/src/main/java/fr/cm/dialogs/MetaInformationSave.java
/Users/christianmullon/Desktop/RCANProject/Ocean/src/main/java/fr/cm/tables/ObservationTable.java
/Users/christianmullon/Desktop/RCANProject/Ocean/src/main/java/fr/cm/canObjects/MetaElement.java
/Users/christianmullon/Desktop/RCANProject/Ocean/src/main/java/fr/cm/rcan/RCaNCallerInterfaceWithR.java
/Users/christianmullon/Desktop/RCANProject/Ocean/src/main/java/fr/cm/excel/ExcelManagerCSV.java
/Users/christianmullon/Desktop/RCANProject/Ocean/src/main/java/fr/cm/parameters/Strings.java
/Users/christianmullon/Desktop/RCANProject/Ocean/src/main/java/fr/cm/dialogs/ProjectChangeFileName.java
/Users/christianmullon/Desktop/RCANProject/Ocean/src/main/java/fr/cm/menus/MenuFile.java
/Users/christianmullon/Desktop/RCANProject/Ocean/src/main/java/fr/cm/tables/EditCell.java
/Users/christianmullon/Desktop/RCANProject/Ocean/src/main/java/fr/cm/menus/MainApplication.java
/Users/christianmullon/Desktop/RCANProject/Ocean/src/main/java/fr/cm/canObjects/ListsManager.java
/Users/christianmullon/Desktop/RCANProject/Ocean/src/main/java/fr/cm/menus/MenuHelp.java
/Users/christianmullon/Desktop/RCANProject/Ocean/src/main/java/fr/cm/dialogs/ProjectSaveBeforeClosing.java
/Users/christianmullon/Desktop/RCANProject/Ocean/src/main/java/fr/cm/network/LinkEdit.java
/Users/christianmullon/Desktop/RCANProject/Ocean/src/main/java/fr/cm/xml/HelpListXML.java
/Users/christianmullon/Desktop/RCANProject/Ocean/src/main/java/fr/cm/dialogs/HelpDialog.java
/Users/christianmullon/Desktop/RCANProject/Ocean/src/main/java/fr/cm/canObjects/MetaInformation.java
/Users/christianmullon/Desktop/RCANProject/Ocean/src/main/java/fr/cm/network/ComponentEdit.java
/Users/christianmullon/Desktop/RCANProject/Ocean/src/main/java/fr/cm/canObjects/ExternalDataFile.java
/Users/christianmullon/Desktop/RCANProject/Ocean/src/main/java/fr/cm/xml/RCommandListXML.java
/Users/christianmullon/Desktop/RCANProject/Ocean/src/main/java/fr/cm/rcan/RCaNDialogForCommand.java
/Users/christianmullon/Desktop/RCANProject/Ocean/src/main/java/fr/cm/network/NetworkView.java
/Users/christianmullon/Desktop/RCANProject/Ocean/src/main/java/fr/cm/canObjects/Component.java
/Users/christianmullon/Desktop/RCANProject/Ocean/src/main/java/fr/cm/menus/Start.java
/Users/christianmullon/Desktop/RCANProject/Ocean/src/main/java/fr/cm/menus/MenuMeta.java
/Users/christianmullon/Desktop/RCANProject/Ocean/src/main/java/fr/cm/network/ComponentNew.java
/Users/christianmullon/Desktop/RCANProject/Ocean/src/main/java/fr/cm/rcan/RCanCallerDecodeResult.java
/Users/christianmullon/Desktop/RCANProject/Ocean/src/main/java/fr/cm/rcan/RCaNCommon.java
/Users/christianmullon/Desktop/RCANProject/Ocean/src/main/java/fr/cm/tables/LinkTable.java
/Users/christianmullon/Desktop/RCANProject/Ocean/src/main/java/fr/cm/tables/MetaInformationPane.java
/Users/christianmullon/Desktop/RCANProject/Ocean/src/main/java/fr/cm/dialogs/ExternalDataFileDialog.java
/Users/christianmullon/Desktop/RCANProject/Ocean/src/main/java/fr/cm/dialogs/ConstraintNewOrEdit.java
/Users/christianmullon/Desktop/RCANProject/Ocean/src/main/java/fr/cm/canObjects/Flux.java
/Users/christianmullon/Desktop/RCANProject/Ocean/src/main/java/fr/cm/menus/Context.java
/Users/christianmullon/Desktop/RCANProject/Ocean/src/main/java/fr/cm/menus/SystemInfo.java
/Users/christianmullon/Desktop/RCANProject/Ocean/src/main/java/fr/cm/excel/ExcelManager.java
/Users/christianmullon/Desktop/RCANProject/Ocean/src/main/java/fr/cm/dialogs/ProjectOpenExisting.java
